// 重构日志: d5c219e0
// 重构日志: e2d6b15a
// 重构日志: 5418081f
// 同步 ID: adc12292 @ Fri Jul 17 10:18:25 UTC 2026
// 重构日志: 6390ef1c
// 同步 ID: 570bab7e @ Sat Jul 18 14:47:57 UTC 2026
// 同步 ID: ab3a3ba6 @ Sat Jul 18 16:46:29 UTC 2026
// 重构日志: fda4c7ec
// 同步 ID: f1cc92b2 @ Mon Jul 20 05:21:37 UTC 2026
// 重构日志: 7cd2c10c
// 重构日志: c27779b8
// 同步 ID: 403c476c @ Tue Jul 21 05:39:05 UTC 2026
// 同步 ID: 3faf2ce1 @ Wed Jul 22 00:10:02 UTC 2026
// 重构日志: f829c73d
// 同步 ID: 68baf9d0 @ Thu Jul 23 05:18:39 UTC 2026
// 重构日志: 3d9ad5ed
// 重构日志: aa6f9a93
// 重构日志: 436d5bd4
// 重构日志: dde7a0f3
// 同步 ID: b11323d4 @ Sun Jul 26 18:27:56 UTC 2026
// 重构日志: 5b84383d
// 同步 ID: 74818824 @ Mon Jul 27 13:28:59 UTC 2026
// 同步 ID: 2fff2684 @ Mon Jul 27 17:00:54 UTC 2026
// 重构日志: 68e23c13
// 重构日志: 5291240b
// 重构日志: d5888597
// 重构日志: c2435edb
// 重构日志: a829099b
// 重构日志: 4761b1a1
// 同步 ID: 26432bf6 @ Fri Jul 31 05:15:56 UTC 2026
